Archive member included to satisfy reference by file (symbol)

c:/st/stm32cubeide_1.7.0/stm32cubeide/plugins/com.st.stm32cube.ide.mcu.externaltools.gnu-tools-for-stm32.9-2020-q2-update.win32_2.0.0.202105311346/tools/bin/../lib/gcc/arm-none-eabi/9.3.1/../../../../arm-none-eabi/lib/thumb/v7e-m+fp/hard\libc_nano.a(lib_a-errno.o)
                              ./Core/Src/syscalls.o (__errno)
c:/st/stm32cubeide_1.7.0/stm32cubeide/plugins/com.st.stm32cube.ide.mcu.externaltools.gnu-tools-for-stm32.9-2020-q2-update.win32_2.0.0.202105311346/tools/bin/../lib/gcc/arm-none-eabi/9.3.1/../../../../arm-none-eabi/lib/thumb/v7e-m+fp/hard\libc_nano.a(lib_a-exit.o)
                              c:/st/stm32cubeide_1.7.0/stm32cubeide/plugins/com.st.stm32cube.ide.mcu.externaltools.gnu-tools-for-stm32.9-2020-q2-update.win32_2.0.0.202105311346/tools/bin/../lib/gcc/arm-none-eabi/9.3.1/../../../../arm-none-eabi/lib/thumb/v7e-m+fp/hard/crt0.o (exit)
c:/st/stm32cubeide_1.7.0/stm32cubeide/plugins/com.st.stm32cube.ide.mcu.externaltools.gnu-tools-for-stm32.9-2020-q2-update.win32_2.0.0.202105311346/tools/bin/../lib/gcc/arm-none-eabi/9.3.1/../../../../arm-none-eabi/lib/thumb/v7e-m+fp/hard\libc_nano.a(lib_a-impure.o)
                              c:/st/stm32cubeide_1.7.0/stm32cubeide/plugins/com.st.stm32cube.ide.mcu.externaltools.gnu-tools-for-stm32.9-2020-q2-update.win32_2.0.0.202105311346/tools/bin/../lib/gcc/arm-none-eabi/9.3.1/../../../../arm-none-eabi/lib/thumb/v7e-m+fp/hard\libc_nano.a(lib_a-exit.o) (_global_impure_ptr)
c:/st/stm32cubeide_1.7.0/stm32cubeide/plugins/com.st.stm32cube.ide.mcu.externaltools.gnu-tools-for-stm32.9-2020-q2-update.win32_2.0.0.202105311346/tools/bin/../lib/gcc/arm-none-eabi/9.3.1/../../../../arm-none-eabi/lib/thumb/v7e-m+fp/hard\libc_nano.a(lib_a-init.o)
                              c:/st/stm32cubeide_1.7.0/stm32cubeide/plugins/com.st.stm32cube.ide.mcu.externaltools.gnu-tools-for-stm32.9-2020-q2-update.win32_2.0.0.202105311346/tools/bin/../lib/gcc/arm-none-eabi/9.3.1/../../../../arm-none-eabi/lib/thumb/v7e-m+fp/hard/crt0.o (__libc_init_array)
c:/st/stm32cubeide_1.7.0/stm32cubeide/plugins/com.st.stm32cube.ide.mcu.externaltools.gnu-tools-for-stm32.9-2020-q2-update.win32_2.0.0.202105311346/tools/bin/../lib/gcc/arm-none-eabi/9.3.1/../../../../arm-none-eabi/lib/thumb/v7e-m+fp/hard\libc_nano.a(lib_a-memset.o)
                              c:/st/stm32cubeide_1.7.0/stm32cubeide/plugins/com.st.stm32cube.ide.mcu.externaltools.gnu-tools-for-stm32.9-2020-q2-update.win32_2.0.0.202105311346/tools/bin/../lib/gcc/arm-none-eabi/9.3.1/../../../../arm-none-eabi/lib/thumb/v7e-m+fp/hard/crt0.o (memset)
c:/st/stm32cubeide_1.7.0/stm32cubeide/plugins/com.st.stm32cube.ide.mcu.externaltools.gnu-tools-for-stm32.9-2020-q2-update.win32_2.0.0.202105311346/tools/bin/../lib/gcc/arm-none-eabi/9.3.1/../../../../arm-none-eabi/lib/thumb/v7e-m+fp/hard\libc_nano.a(lib_a-strncmp.o)
                              ./Core/Src/main.o (strncmp)

Allocating common symbols
Common symbol       size              file

dataRX              0x14              ./Core/Src/main.o
bufferUSART2dma     0x14              ./Core/Src/usart.o

Discarded input sections

 .text          0x0000000000000000        0x0 c:/st/stm32cubeide_1.7.0/stm32cubeide/plugins/com.st.stm32cube.ide.mcu.externaltools.gnu-tools-for-stm32.9-2020-q2-update.win32_2.0.0.202105311346/tools/bin/../lib/gcc/arm-none-eabi/9.3.1/thumb/v7e-m+fp/hard/crti.o
 .data          0x0000000000000000        0x0 c:/st/stm32cubeide_1.7.0/stm32cubeide/plugins/com.st.stm32cube.ide.mcu.externaltools.gnu-tools-for-stm32.9-2020-q2-update.win32_2.0.0.202105311346/tools/bin/../lib/gcc/arm-none-eabi/9.3.1/thumb/v7e-m+fp/hard/crti.o
 .bss           0x0000000000000000        0x0 c:/st/stm32cubeide_1.7.0/stm32cubeide/plugins/com.st.stm32cube.ide.mcu.externaltools.gnu-tools-for-stm32.9-2020-q2-update.win32_2.0.0.202105311346/tools/bin/../lib/gcc/arm-none-eabi/9.3.1/thumb/v7e-m+fp/hard/crti.o
 .data          0x0000000000000000        0x4 c:/st/stm32cubeide_1.7.0/stm32cubeide/plugins/com.st.stm32cube.ide.mcu.externaltools.gnu-tools-for-stm32.9-2020-q2-update.win32_2.0.0.202105311346/tools/bin/../lib/gcc/arm-none-eabi/9.3.1/thumb/v7e-m+fp/hard/crtbegin.o
 .text          0x0000000000000000       0x7c c:/st/stm32cubeide_1.7.0/stm32cubeide/plugins/com.st.stm32cube.ide.mcu.externaltools.gnu-tools-for-stm32.9-2020-q2-update.win32_2.0.0.202105311346/tools/bin/../lib/gcc/arm-none-eabi/9.3.1/../../../../arm-none-eabi/lib/thumb/v7e-m+fp/hard/crt0.o
 .data          0x0000000000000000        0x0 c:/st/stm32cubeide_1.7.0/stm32cubeide/plugins/com.st.stm32cube.ide.mcu.externaltools.gnu-tools-for-stm32.9-2020-q2-update.win32_2.0.0.202105311346/tools/bin/../lib/gcc/arm-none-eabi/9.3.1/../../../../arm-none-eabi/lib/thumb/v7e-m+fp/hard/crt0.o
[...]
Memory Configuration

Name             Origin             Length             Attributes
CCMRAM           0x0000000010000000 0x0000000000001000 xrw
RAM              0x0000000020000000 0x0000000000003000 xrw
FLASH            0x0000000008000000 0x0000000000010000 xr
*default*        0x0000000000000000 0xffffffffffffffff

Linker script and memory map

LOAD c:/st/stm32cubeide_1.7.0/stm32cubeide/plugins/com.st.stm32cube.ide.mcu.externaltools.gnu-tools-for-stm32.9-2020-q2-update.win32_2.0.0.202105311346/tools/bin/../lib/gcc/arm-none-eabi/9.3.1/thumb/v7e-m+fp/hard/crti.o
LOAD c:/st/stm32cubeide_1.7.0/stm32cubeide/plugins/com.st.stm32cube.ide.mcu.externaltools.gnu-tools-for-stm32.9-2020-q2-update.win32_2.0.0.202105311346/tools/bin/../lib/gcc/arm-none-eabi/9.3.1/thumb/v7e-m+fp/hard/crtbegin.o
LOAD c:/st/stm32cubeide_1.7.0/stm32cubeide/plugins/com.st.stm32cube.ide.mcu.externaltools.gnu-tools-for-stm32.9-2020-q2-update.win32_2.0.0.202105311346/tools/bin/../lib/gcc/arm-none-eabi/9.3.1/../../../../arm-none-eabi/lib/thumb/v7e-m+fp/hard/crt0.o
LOAD ./Core/Src/dma.o
LOAD ./Core/Src/gpio.o
LOAD ./Core/Src/main.o
LOAD ./Core/Src/stm32f3xx_it.o
LOAD ./Core/Src/syscalls.o
LOAD ./Core/Src/sysmem.o
LOAD ./Core/Src/system_stm32f3xx.o
LOAD ./Core/Src/tim.o
LOAD ./Core/Src/usart.o
LOAD ./Core/Startup/startup_stm32f303k8tx.o
LOAD ./Drivers/STM32F3xx_HAL_Driver/Src/stm32f3xx_ll_dma.o
LOAD ./Drivers/STM32F3xx_HAL_Driver/Src/stm32f3xx_ll_exti.o
LOAD ./Drivers/STM32F3xx_HAL_Driver/Src/stm32f3xx_ll_gpio.o
LOAD ./Drivers/STM32F3xx_HAL_Driver/Src/stm32f3xx_ll_rcc.o
LOAD ./Drivers/STM32F3xx_HAL_Driver/Src/stm32f3xx_ll_tim.o
LOAD ./Drivers/STM32F3xx_HAL_Driver/Src/stm32f3xx_ll_usart.o
LOAD ./Drivers/STM32F3xx_HAL_Driver/Src/stm32f3xx_ll_utils.o
START GROUP
LOAD c:/st/stm32cubeide_1.7.0/stm32cubeide/plugins/com.st.stm32cube.ide.mcu.externaltools.gnu-tools-for-stm32.9-2020-q2-update.win32_2.0.0.202105311346/tools/bin/../lib/gcc/arm-none-eabi/9.3.1/../../../../arm-none-eabi/lib/thumb/v7e-m+fp/hard\libc_nano.a
LOAD c:/st/stm32cubeide_1.7.0/stm32cubeide/plugins/com.st.stm32cube.ide.mcu.externaltools.gnu-tools-for-stm32.9-2020-q2-update.win32_2.0.0.202105311346/tools/bin/../lib/gcc/arm-none-eabi/9.3.1/../../../../arm-none-eabi/lib/thumb/v7e-m+fp/hard\libm.a
END GROUP
START GROUP
LOAD c:/st/stm32cubeide_1.7.0/stm32cubeide/plugins/com.st.stm32cube.ide.mcu.externaltools.gnu-tools-for-stm32.9-2020-q2-update.win32_2.0.0.202105311346/tools/bin/../lib/gcc/arm-none-eabi/9.3.1/thumb/v7e-m+fp/hard\libgcc.a
LOAD c:/st/stm32cubeide_1.7.0/stm32cubeide/plugins/com.st.stm32cube.ide.mcu.externaltools.gnu-tools-for-stm32.9-2020-q2-update.win32_2.0.0.202105311346/tools/bin/../lib/gcc/arm-none-eabi/9.3.1/../../../../arm-none-eabi/lib/thumb/v7e-m+fp/hard\libc_nano.a
END GROUP
START GROUP
LOAD c:/st/stm32cubeide_1.7.0/stm32cubeide/plugins/com.st.stm32cube.ide.mcu.externaltools.gnu-tools-for-stm32.9-2020-q2-update.win32_2.0.0.202105311346/tools/bin/../lib/gcc/arm-none-eabi/9.3.1/thumb/v7e-m+fp/hard\libgcc.a
LOAD c:/st/stm32cubeide_1.7.0/stm32cubeide/plugins/com.st.stm32cube.ide.mcu.externaltools.gnu-tools-for-stm32.9-2020-q2-update.win32_2.0.0.202105311346/tools/bin/../lib/gcc/arm-none-eabi/9.3.1/../../../../arm-none-eabi/lib/thumb/v7e-m+fp/hard\libc_nano.a
LOAD c:/st/stm32cubeide_1.7.0/stm32cubeide/plugins/com.st.stm32cube.ide.mcu.externaltools.gnu-tools-for-stm32.9-2020-q2-update.win32_2.0.0.202105311346/tools/bin/../lib/gcc/arm-none-eabi/9.3.1/../../../../arm-none-eabi/lib/thumb/v7e-m+fp/hard\libnosys.a
END GROUP
START GROUP
LOAD c:/st/stm32cubeide_1.7.0/stm32cubeide/plugins/com.st.stm32cube.ide.mcu.externaltools.gnu-tools-for-stm32.9-2020-q2-update.win32_2.0.0.202105311346/tools/bin/../lib/gcc/arm-none-eabi/9.3.1/thumb/v7e-m+fp/hard\libgcc.a
LOAD c:/st/stm32cubeide_1.7.0/stm32cubeide/plugins/com.st.stm32cube.ide.mcu.externaltools.gnu-tools-for-stm32.9-2020-q2-update.win32_2.0.0.202105311346/tools/bin/../lib/gcc/arm-none-eabi/9.3.1/../../../../arm-none-eabi/lib/thumb/v7e-m+fp/hard\libc_nano.a
LOAD c:/st/stm32cubeide_1.7.0/stm32cubeide/plugins/com.st.stm32cube.ide.mcu.externaltools.gnu-tools-for-stm32.9-2020-q2-update.win32_2.0.0.202105311346/tools/bin/../lib/gcc/arm-none-eabi/9.3.1/../../../../arm-none-eabi/lib/thumb/v7e-m+fp/hard\libnosys.a
END GROUP
LOAD c:/st/stm32cubeide_1.7.0/stm32cubeide/plugins/com.st.stm32cube.ide.mcu.externaltools.gnu-tools-for-stm32.9-2020-q2-update.win32_2.0.0.202105311346/tools/bin/../lib/gcc/arm-none-eabi/9.3.1/thumb/v7e-m+fp/hard/crtend.o
LOAD c:/st/stm32cubeide_1.7.0/stm32cubeide/plugins/com.st.stm32cube.ide.mcu.externaltools.gnu-tools-for-stm32.9-2020-q2-update.win32_2.0.0.202105311346/tools/bin/../lib/gcc/arm-none-eabi/9.3.1/thumb/v7e-m+fp/hard/crtn.o
                0x0000000020003000                _estack = (ORIGIN (RAM) + LENGTH (RAM))
                0x0000000000000200                _Min_Heap_Size = 0x200
                0x0000000000000400                _Min_Stack_Size = 0x400

.isr_vector     0x0000000008000000      0x188
                0x0000000008000000                . = ALIGN (0x4)
 *(.isr_vector)
 .isr_vector    0x0000000008000000      0x188 ./Core/Startup/startup_stm32f303k8tx.o
                0x0000000008000000                g_pfnVectors
                0x0000000008000188                . = ALIGN (0x4)

.text           0x0000000008000188     0x2a70
                0x0000000008000188                . = ALIGN (0x4)
 *(.text)
 .text          0x0000000008000188       0x40 c:/st/stm32cubeide_1.7.0/stm32cubeide/plugins/com.st.stm32cube.ide.mcu.externaltools.gnu-tools-for-stm32.9-2020-q2-update.win32_2.0.0.202105311346/tools/bin/../lib/gcc/arm-none-eabi/9.3.1/thumb/v7e-m+fp/hard/crtbegin.o
 *(.text*)
 .text.__NVIC_GetPriorityGrouping
                0x00000000080001c8       0x1c ./Core/Src/dma.o
 .text.__NVIC_EnableIRQ
                0x00000000080001e4       0x3c ./Core/Src/dma.o
 .text.__NVIC_SetPriority
                0x0000000008000220       0x54 ./Core/Src/dma.o
 .text.NVIC_EncodePriority
                0x0000000008000274       0x66 ./Core/Src/dma.o
 *fill*         0x00000000080002da        0x2 
 .text.LL_AHB1_GRP1_EnableClock
                0x00000000080002dc       0x30 ./Core/Src/dma.o
 .text.MX_DMA_Init
                0x000000000800030c       0x4e ./Core/Src/dma.o
                0x000000000800030c                MX_DMA_Init
 *fill*         0x000000000800035a        0x2 
 .text.LL_AHB1_GRP1_EnableClock
                0x000000000800035c       0x30 ./Core/Src/gpio.o
 .text.MX_GPIO_Init
                0x000000000800038c       0x10 ./Core/Src/gpio.o
                0x000000000800038c                MX_GPIO_Init
 .text.__NVIC_SetPriorityGrouping
                0x000000000800039c       0x48 ./Core/Src/main.o
 .text.__NVIC_GetPriorityGrouping
                0x00000000080003e4       0x1c ./Core/Src/main.o
 .text.__NVIC_SetPriority
                0x0000000008000400       0x54 ./Core/Src/main.o
 .text.NVIC_EncodePriority
                0x0000000008000454       0x66 ./Core/Src/main.o
 *fill*         0x00000000080004ba        0x2 
 .text.LL_RCC_HSI_Enable
                0x00000000080004bc       0x20 ./Core/Src/main.o
 .text.LL_RCC_HSI_IsReady
                0x00000000080004dc       0x24 ./Core/Src/main.o
 .text.LL_RCC_HSI_SetCalibTrimming
                0x0000000008000500       0x2c ./Core/Src/main.o
 .text.LL_RCC_SetSysClkSource
                0x000000000800052c       0x28 ./Core/Src/main.o
 .text.LL_RCC_GetSysClkSource
                0x0000000008000554       0x1c ./Core/Src/main.o
 .text.LL_RCC_SetAHBPrescaler
                0x0000000008000570       0x28 ./Core/Src/main.o
 .text.LL_RCC_SetAPB1Prescaler
                0x0000000008000598       0x28 ./Core/Src/main.o
 .text.LL_RCC_SetAPB2Prescaler
                0x00000000080005c0       0x28 ./Core/Src/main.o
 .text.LL_APB1_GRP1_EnableClock
                0x00000000080005e8       0x30 ./Core/Src/main.o
 .text.LL_APB2_GRP1_EnableClock
                0x0000000008000618       0x30 ./Core/Src/main.o
 .text.LL_FLASH_SetLatency
                0x0000000008000648       0x28 ./Core/Src/main.o
 .text.LL_FLASH_GetLatency
                0x0000000008000670       0x1c ./Core/Src/main.o
 .text.LL_TIM_EnableCounter
                0x000000000800068c       0x20 ./Core/Src/main.o
 .text.LL_TIM_CC_EnableChannel
                0x00000000080006ac       0x22 ./Core/Src/main.o
 .text.LL_TIM_ClearFlag_CC2
                0x00000000080006ce       0x1c ./Core/Src/main.o
 .text.LL_TIM_IsActiveFlag_CC2
                0x00000000080006ea       0x26 ./Core/Src/main.o
 .text.LL_TIM_EnableIT_CC2
                0x0000000008000710       0x20 ./Core/Src/main.o
 .text.main     0x0000000008000730       0x70 ./Core/Src/main.o
                0x0000000008000730                main
 .text.SystemClock_Config
                0x00000000080007a0       0x64 ./Core/Src/main.o
                0x00000000080007a0                SystemClock_Config
 .text.setDutyCycle
                0x0000000008000804       0x34 ./Core/Src/main.o
                0x0000000008000804                setDutyCycle
 .text.proccesDmaData
                0x0000000008000838      0x10c ./Core/Src/main.o
                0x0000000008000838                proccesDmaData
 .text.TIM2_IRQHandler
                0x0000000008000944       0x8c ./Core/Src/main.o
                0x0000000008000944                TIM2_IRQHandler
 .text.LL_DMA_DisableChannel
                0x00000000080009d0       0x40 ./Core/Src/stm32f3xx_it.o
 .text.LL_DMA_IsActiveFlag_TC6
                0x0000000008000a10       0x28 ./Core/Src/stm32f3xx_it.o
 .text.LL_DMA_IsActiveFlag_TC7
                0x0000000008000a38       0x28 ./Core/Src/stm32f3xx_it.o
 .text.LL_DMA_IsActiveFlag_HT6
                0x0000000008000a60       0x28 ./Core/Src/stm32f3xx_it.o
 .text.LL_DMA_ClearFlag_TC6
                0x0000000008000a88       0x1c ./Core/Src/stm32f3xx_it.o
 .text.LL_DMA_ClearFlag_TC7
                0x0000000008000aa4       0x1c ./Core/Src/stm32f3xx_it.o
 .text.LL_DMA_ClearFlag_HT6
                0x0000000008000ac0       0x1c ./Core/Src/stm32f3xx_it.o
 .text.LL_USART_IsActiveFlag_IDLE
                0x0000000008000adc       0x26 ./Core/Src/stm32f3xx_it.o
 .text.LL_USART_IsActiveFlag_TC
                0x0000000008000b02       0x26 ./Core/Src/stm32f3xx_it.o
 .text.LL_USART_ClearFlag_IDLE
                0x0000000008000b28       0x1a ./Core/Src/stm32f3xx_it.o
 .text.NMI_Handler
                0x0000000008000b42        0x6 ./Core/Src/stm32f3xx_it.o
                0x0000000008000b42                NMI_Handler
 .text.HardFault_Handler
                0x0000000008000b48        0x6 ./Core/Src/stm32f3xx_it.o
                0x0000000008000b48                HardFault_Handler
 .text.MemManage_Handler
                0x0000000008000b4e        0x6 ./Core/Src/stm32f3xx_it.o
                0x0000000008000b4e                MemManage_Handler
 .text.BusFault_Handler
                0x0000000008000b54        0x6 ./Core/Src/stm32f3xx_it.o
                0x0000000008000b54                BusFault_Handler
 .text.UsageFault_Handler
                0x0000000008000b5a        0x6 ./Core/Src/stm32f3xx_it.o
                0x0000000008000b5a                UsageFault_Handler
 .text.SVC_Handler
                0x0000000008000b60        0xe ./Core/Src/stm32f3xx_it.o
                0x0000000008000b60                SVC_Handler
 .text.DebugMon_Handler
                0x0000000008000b6e        0xe ./Core/Src/stm32f3xx_it.o
                0x0000000008000b6e                DebugMon_Handler
 .text.PendSV_Handler
                0x0000000008000b7c        0xe ./Core/Src/stm32f3xx_it.o
                0x0000000008000b7c                PendSV_Handler
 .text.SysTick_Handler
                0x0000000008000b8a        0xe ./Core/Src/stm32f3xx_it.o
                0x0000000008000b8a                SysTick_Handler
 .text.DMA1_Channel6_IRQHandler
                0x0000000008000b98       0x3c ./Core/Src/stm32f3xx_it.o
                0x0000000008000b98                DMA1_Channel6_IRQHandler
 .text.DMA1_Channel7_IRQHandler
                0x0000000008000bd4       0x38 ./Core/Src/stm32f3xx_it.o
                0x0000000008000bd4                DMA1_Channel7_IRQHandler
 .text.USART2_IRQHandler
                0x0000000008000c0c       0x24 ./Core/Src/stm32f3xx_it.o
                0x0000000008000c0c                USART2_IRQHandler
 .text.SystemInit
                0x0000000008000c30       0x24 ./Core/Src/system_stm32f3xx.o
                0x0000000008000c30                SystemInit
 .text.__NVIC_GetPriorityGrouping
                0x0000000008000c54       0x1c ./Core/Src/tim.o
 .text.__NVIC_EnableIRQ
                0x0000000008000c70       0x3c ./Core/Src/tim.o
 .text.__NVIC_SetPriority
                0x0000000008000cac       0x54 ./Core/Src/tim.o
 .text.NVIC_EncodePriority
                0x0000000008000d00       0x66 ./Core/Src/tim.o
 *fill*         0x0000000008000d66        0x2 
 .text.LL_AHB1_GRP1_EnableClock
                0x0000000008000d68       0x30 ./Core/Src/tim.o
 .text.LL_APB1_GRP1_EnableClock
                0x0000000008000d98       0x30 ./Core/Src/tim.o
 .text.LL_TIM_DisableARRPreload
                0x0000000008000dc8       0x20 ./Core/Src/tim.o
 .text.LL_TIM_OC_DisableFast
                0x0000000008000de8       0xa4 ./Core/Src/tim.o
 .text.LL_TIM_OC_EnablePreload
                0x0000000008000e8c       0xa0 ./Core/Src/tim.o
 .text.LL_TIM_SetClockSource
                0x0000000008000f2c       0x2a ./Core/Src/tim.o
 .text.LL_TIM_SetTriggerOutput
                0x0000000008000f56       0x26 ./Core/Src/tim.o
 .text.LL_TIM_DisableMasterSlaveMode
                0x0000000008000f7c       0x20 ./Core/Src/tim.o
 .text.MX_TIM2_Init
                0x0000000008000f9c      0x128 ./Core/Src/tim.o
                0x0000000008000f9c                MX_TIM2_Init
 .text.__NVIC_GetPriorityGrouping
                0x00000000080010c4       0x1c ./Core/Src/usart.o
 .text.__NVIC_EnableIRQ
                0x00000000080010e0       0x3c ./Core/Src/usart.o
 .text.__NVIC_SetPriority
                0x000000000800111c       0x54 ./Core/Src/usart.o
 .text.NVIC_EncodePriority
                0x0000000008001170       0x66 ./Core/Src/usart.o
 *fill*         0x00000000080011d6        0x2 
 .text.LL_DMA_EnableChannel
                0x00000000080011d8       0x40 ./Core/Src/usart.o
 .text.LL_DMA_DisableChannel
                0x0000000008001218       0x40 ./Core/Src/usart.o
 .text.LL_DMA_SetDataTransferDirection
                0x0000000008001258       0x4c ./Core/Src/usart.o
 .text.LL_DMA_GetDataTransferDirection
                0x00000000080012a4       0x30 ./Core/Src/usart.o
 .text.LL_DMA_SetMode
                0x00000000080012d4       0x48 ./Core/Src/usart.o
 .text.LL_DMA_SetPeriphIncMode
                0x000000000800131c       0x48 ./Core/Src/usart.o
 .text.LL_DMA_SetMemoryIncMode
                0x0000000008001364       0x48 ./Core/Src/usart.o
 .text.LL_DMA_SetPeriphSize
                0x00000000080013ac       0x48 ./Core/Src/usart.o
 .text.LL_DMA_SetMemorySize
                0x00000000080013f4       0x48 ./Core/Src/usart.o
 .text.LL_DMA_SetChannelPriorityLevel
                0x000000000800143c       0x48 ./Core/Src/usart.o
 .text.LL_DMA_SetDataLength
                0x0000000008001484       0x48 ./Core/Src/usart.o
 .text.LL_DMA_GetDataLength
                0x00000000080014cc       0x2c ./Core/Src/usart.o
 .text.LL_DMA_ConfigAddresses
                0x00000000080014f8       0x78 ./Core/Src/usart.o
 .text.LL_DMA_IsActiveFlag_TC6
                0x0000000008001570       0x28 ./Core/Src/usart.o
 .text.LL_DMA_EnableIT_TC
                0x0000000008001598       0x40 ./Core/Src/usart.o
 .text.LL_DMA_EnableIT_HT
                0x00000000080015d8       0x40 ./Core/Src/usart.o
 .text.LL_DMA_EnableIT_TE
                0x0000000008001618       0x40 ./Core/Src/usart.o
 .text.LL_AHB1_GRP1_EnableClock
                0x0000000008001658       0x30 ./Core/Src/usart.o
 .text.LL_APB1_GRP1_EnableClock
                0x0000000008001688       0x30 ./Core/Src/usart.o
 .text.LL_USART_Enable
                0x00000000080016b8       0x20 ./Core/Src/usart.o
 .text.LL_USART_ConfigAsyncMode
                0x00000000080016d8       0x2c ./Core/Src/usart.o
 .text.LL_USART_EnableIT_IDLE
                0x0000000008001704       0x42 ./Core/Src/usart.o
 .text.LL_USART_DisableIT_CTS
                0x0000000008001746       0x46 ./Core/Src/usart.o
 .text.LL_USART_EnableDMAReq_RX
                0x000000000800178c       0x46 ./Core/Src/usart.o
 .text.LL_USART_DMA_GetRegAddr
                0x00000000080017d2       0x2c ./Core/Src/usart.o
 *fill*         0x00000000080017fe        0x2 
 .text.USART2_RegisterCallback
                0x0000000008001800       0x24 ./Core/Src/usart.o
                0x0000000008001800                USART2_RegisterCallback
 .text.MX_USART2_UART_Init
                0x0000000008001824      0x1b8 ./Core/Src/usart.o
                0x0000000008001824                MX_USART2_UART_Init
 .text.USART2_CheckDmaReception
                0x00000000080019dc       0x88 ./Core/Src/usart.o
                0x00000000080019dc                USART2_CheckDmaReception
 .text.DMA_channel_reset
                0x0000000008001a64       0x58 ./Core/Src/usart.o
                0x0000000008001a64                DMA_channel_reset
 .text.Reset_Handler
                0x0000000008001abc       0x50 ./Core/Startup/startup_stm32f303k8tx.o
                0x0000000008001abc                Reset_Handler
 .text.Default_Handler
                0x0000000008001b0c        0x2 ./Core/Startup/startup_stm32f303k8tx.o
                0x0000000008001b0c                RTC_Alarm_IRQHandler
                0x0000000008001b0c                TIM1_CC_IRQHandler
                0x0000000008001b0c                PVD_IRQHandler
                0x0000000008001b0c                TAMP_STAMP_IRQHandler
                0x0000000008001b0c                EXTI3_IRQHandler
                0x0000000008001b0c                EXTI0_IRQHandler
                0x0000000008001b0c                FPU_IRQHandler
                0x0000000008001b0c                CAN_TX_IRQHandler
                0x0000000008001b0c                TIM1_UP_TIM16_IRQHandler
                0x0000000008001b0c                ADC1_2_IRQHandler
                0x0000000008001b0c                SPI1_IRQHandler
                0x0000000008001b0c                CAN_SCE_IRQHandler
                0x0000000008001b0c                DMA1_Channel4_IRQHandler
                0x0000000008001b0c                USART3_IRQHandler
                0x0000000008001b0c                TIM7_DAC2_IRQHandler
                0x0000000008001b0c                CAN_RX1_IRQHandler
                0x0000000008001b0c                I2C1_EV_IRQHandler
                0x0000000008001b0c                TIM3_IRQHandler
                0x0000000008001b0c                RCC_IRQHandler
                0x0000000008001b0c                DMA1_Channel1_IRQHandler
                0x0000000008001b0c                Default_Handler
                0x0000000008001b0c                EXTI15_10_IRQHandler
                0x0000000008001b0c                COMP2_IRQHandler
                0x0000000008001b0c                TIM6_DAC1_IRQHandler
                0x0000000008001b0c                EXTI9_5_IRQHandler
                0x0000000008001b0c                RTC_WKUP_IRQHandler
                0x0000000008001b0c                DMA1_Channel5_IRQHandler
                0x0000000008001b0c                EXTI4_IRQHandler
                0x0000000008001b0c                TIM1_TRG_COM_TIM17_IRQHandler
                0x0000000008001b0c                DMA1_Channel3_IRQHandler
                0x0000000008001b0c                WWDG_IRQHandler
                0x0000000008001b0c                EXTI1_IRQHandler
                0x0000000008001b0c                COMP4_6_IRQHandler
                0x0000000008001b0c                DMA1_Channel2_IRQHandler
                0x0000000008001b0c                FLASH_IRQHandler
                0x0000000008001b0c                USART1_IRQHandler
                0x0000000008001b0c                CAN_RX0_IRQHandler
                0x0000000008001b0c                I2C1_ER_IRQHandler
                0x0000000008001b0c                EXTI2_TSC_IRQHandler
                0x0000000008001b0c                TIM1_BRK_TIM15_IRQHandler
 .text.LL_GPIO_SetPinMode
                0x0000000008001b0e       0x5e ./Drivers/STM32F3xx_HAL_Driver/Src/stm32f3xx_ll_gpio.o
 .text.LL_GPIO_SetPinOutputType
                0x0000000008001b6c       0x30 ./Drivers/STM32F3xx_HAL_Driver/Src/stm32f3xx_ll_gpio.o
 .text.LL_GPIO_SetPinSpeed
                0x0000000008001b9c       0x5e ./Drivers/STM32F3xx_HAL_Driver/Src/stm32f3xx_ll_gpio.o
 .text.LL_GPIO_SetPinPull
                0x0000000008001bfa       0x5e ./Drivers/STM32F3xx_HAL_Driver/Src/stm32f3xx_ll_gpio.o
 .text.LL_GPIO_SetAFPin_0_7
                0x0000000008001c58       0x5e ./Drivers/STM32F3xx_HAL_Driver/Src/stm32f3xx_ll_gpio.o
 .text.LL_GPIO_SetAFPin_8_15
                0x0000000008001cb6       0x62 ./Drivers/STM32F3xx_HAL_Driver/Src/stm32f3xx_ll_gpio.o
 .text.LL_GPIO_Init
                0x0000000008001d18       0xe0 ./Drivers/STM32F3xx_HAL_Driver/Src/stm32f3xx_ll_gpio.o
                0x0000000008001d18                LL_GPIO_Init
 .text.LL_RCC_HSI_IsReady
                0x0000000008001df8       0x24 ./Drivers/STM32F3xx_HAL_Driver/Src/stm32f3xx_ll_rcc.o
 .text.LL_RCC_LSE_IsReady
                0x0000000008001e1c       0x24 ./Drivers/STM32F3xx_HAL_Driver/Src/stm32f3xx_ll_rcc.o
 .text.LL_RCC_GetSysClkSource
                0x0000000008001e40       0x1c ./Drivers/STM32F3xx_HAL_Driver/Src/stm32f3xx_ll_rcc.o
 .text.LL_RCC_GetAHBPrescaler
                0x0000000008001e5c       0x1c ./Drivers/STM32F3xx_HAL_Driver/Src/stm32f3xx_ll_rcc.o
 .text.LL_RCC_GetAPB1Prescaler
                0x0000000008001e78       0x1c ./Drivers/STM32F3xx_HAL_Driver/Src/stm32f3xx_ll_rcc.o
 .text.LL_RCC_GetAPB2Prescaler
                0x0000000008001e94       0x1c ./Drivers/STM32F3xx_HAL_Driver/Src/stm32f3xx_ll_rcc.o
 .text.LL_RCC_GetUSARTClockSource
                0x0000000008001eb0       0x2c ./Drivers/STM32F3xx_HAL_Driver/Src/stm32f3xx_ll_rcc.o
 .text.LL_RCC_PLL_GetMainSource
                0x0000000008001edc       0x1c ./Drivers/STM32F3xx_HAL_Driver/Src/stm32f3xx_ll_rcc.o
 .text.LL_RCC_PLL_GetMultiplicator
                0x0000000008001ef8       0x1c ./Drivers/STM32F3xx_HAL_Driver/Src/stm32f3xx_ll_rcc.o
 .text.LL_RCC_PLL_GetPrediv
                0x0000000008001f14       0x1c ./Drivers/STM32F3xx_HAL_Driver/Src/stm32f3xx_ll_rcc.o
 .text.LL_RCC_GetSystemClocksFreq
                0x0000000008001f30       0x4a ./Drivers/STM32F3xx_HAL_Driver/Src/stm32f3xx_ll_rcc.o
                0x0000000008001f30                LL_RCC_GetSystemClocksFreq
 *fill*         0x0000000008001f7a        0x2 
 .text.LL_RCC_GetUSARTClockFreq
                0x0000000008001f7c       0x88 ./Drivers/STM32F3xx_HAL_Driver/Src/stm32f3xx_ll_rcc.o
                0x0000000008001f7c                LL_RCC_GetUSARTClockFreq
 .text.RCC_GetSystemClockFreq
                0x0000000008002004       0x4c ./Drivers/STM32F3xx_HAL_Driver/Src/stm32f3xx_ll_rcc.o
                0x0000000008002004                RCC_GetSystemClockFreq
 .text.RCC_GetHCLKClockFreq
                0x0000000008002050       0x2c ./Drivers/STM32F3xx_HAL_Driver/Src/stm32f3xx_ll_rcc.o
                0x0000000008002050                RCC_GetHCLKClockFreq
 .text.RCC_GetPCLK1ClockFreq
                0x000000000800207c       0x28 ./Drivers/STM32F3xx_HAL_Driver/Src/stm32f3xx_ll_rcc.o
                0x000000000800207c                RCC_GetPCLK1ClockFreq
 .text.RCC_GetPCLK2ClockFreq
                0x00000000080020a4       0x28 ./Drivers/STM32F3xx_HAL_Driver/Src/stm32f3xx_ll_rcc.o
                0x00000000080020a4                RCC_GetPCLK2ClockFreq
 .text.RCC_PLL_GetFreqDomain_SYS
                0x00000000080020cc       0x7c ./Drivers/STM32F3xx_HAL_Driver/Src/stm32f3xx_ll_rcc.o
                0x00000000080020cc                RCC_PLL_GetFreqDomain_SYS
 .text.LL_TIM_SetPrescaler
                0x0000000008002148       0x1c ./Drivers/STM32F3xx_HAL_Driver/Src/stm32f3xx_ll_tim.o
 .text.LL_TIM_SetAutoReload
                0x0000000008002164       0x1c ./Drivers/STM32F3xx_HAL_Driver/Src/stm32f3xx_ll_tim.o
 .text.LL_TIM_SetRepetitionCounter
                0x0000000008002180       0x1c ./Drivers/STM32F3xx_HAL_Driver/Src/stm32f3xx_ll_tim.o
 .text.LL_TIM_OC_SetCompareCH1
                0x000000000800219c       0x1c ./Drivers/STM32F3xx_HAL_Driver/Src/stm32f3xx_ll_tim.o
 .text.LL_TIM_OC_SetCompareCH2
                0x00000000080021b8       0x1c ./Drivers/STM32F3xx_HAL_Driver/Src/stm32f3xx_ll_tim.o
 .text.LL_TIM_OC_SetCompareCH3
                0x00000000080021d4       0x1c ./Drivers/STM32F3xx_HAL_Driver/Src/stm32f3xx_ll_tim.o
 .text.LL_TIM_OC_SetCompareCH4
                0x00000000080021f0       0x1c ./Drivers/STM32F3xx_HAL_Driver/Src/stm32f3xx_ll_tim.o
 .text.LL_TIM_OC_SetCompareCH5
                0x000000000800220c       0x20 ./Drivers/STM32F3xx_HAL_Driver/Src/stm32f3xx_ll_tim.o
 .text.LL_TIM_OC_SetCompareCH6
                0x000000000800222c       0x1c ./Drivers/STM32F3xx_HAL_Driver/Src/stm32f3xx_ll_tim.o
 .text.LL_TIM_GenerateEvent_UPDATE
                0x0000000008002248       0x20 ./Drivers/STM32F3xx_HAL_Driver/Src/stm32f3xx_ll_tim.o
 .text.LL_TIM_Init
                0x0000000008002268       0xe4 ./Drivers/STM32F3xx_HAL_Driver/Src/stm32f3xx_ll_tim.o
                0x0000000008002268                LL_TIM_Init
 .text.LL_TIM_OC_Init
                0x000000000800234c       0xbe ./Drivers/STM32F3xx_HAL_Driver/Src/stm32f3xx_ll_tim.o
                0x000000000800234c                LL_TIM_OC_Init
 *fill*         0x000000000800240a        0x2 
 .text.OC1Config
                0x000000000800240c       0xf4 ./Drivers/STM32F3xx_HAL_Driver/Src/stm32f3xx_ll_tim.o
 .text.OC2Config
                0x0000000008002500       0xfc ./Drivers/STM32F3xx_HAL_Driver/Src/stm32f3xx_ll_tim.o
 .text.OC3Config
                0x00000000080025fc       0xfc ./Drivers/STM32F3xx_HAL_Driver/Src/stm32f3xx_ll_tim.o
 .text.OC4Config
                0x00000000080026f8       0xcc ./Drivers/STM32F3xx_HAL_Driver/Src/stm32f3xx_ll_tim.o
 .text.OC5Config
                0x00000000080027c4       0xbc ./Drivers/STM32F3xx_HAL_Driver/Src/stm32f3xx_ll_tim.o
 .text.OC6Config
                0x0000000008002880       0xbc ./Drivers/STM32F3xx_HAL_Driver/Src/stm32f3xx_ll_tim.o
 .text.LL_USART_IsEnabled
                0x000000000800293c       0x26 ./Drivers/STM32F3xx_HAL_Driver/Src/stm32f3xx_ll_usart.o
 .text.LL_USART_SetStopBitsLength
                0x0000000008002962       0x26 ./Drivers/STM32F3xx_HAL_Driver/Src/stm32f3xx_ll_usart.o
 .text.LL_USART_SetHWFlowCtrl
                0x0000000008002988       0x26 ./Drivers/STM32F3xx_HAL_Driver/Src/stm32f3xx_ll_usart.o
 .text.LL_USART_SetBaudRate
                0x00000000080029ae       0x6e ./Drivers/STM32F3xx_HAL_Driver/Src/stm32f3xx_ll_usart.o
 .text.LL_USART_Init
                0x0000000008002a1c       0xd8 ./Drivers/STM32F3xx_HAL_Driver/Src/stm32f3xx_ll_usart.o
                0x0000000008002a1c                LL_USART_Init
 .text.LL_InitTick
                0x0000000008002af4       0x34 ./Drivers/STM32F3xx_HAL_Driver/Src/stm32f3xx_ll_utils.o
 .text.LL_Init1msTick
                0x0000000008002b28       0x1a ./Drivers/STM32F3xx_HAL_Driver/Src/stm32f3xx_ll_utils.o
                0x0000000008002b28                LL_Init1msTick
 *fill*         0x0000000008002b42        0x2 
 .text.LL_SetSystemCoreClock
                0x0000000008002b44       0x20 ./Drivers/STM32F3xx_HAL_Driver/Src/stm32f3xx_ll_utils.o
                0x0000000008002b44                LL_SetSystemCoreClock
 .text.__libc_init_array
                0x0000000008002b64       0x48 c:/st/stm32cubeide_1.7.0/stm32cubeide/plugins/com.st.stm32cube.ide.mcu.externaltools.gnu-tools-for-stm32.9-2020-q2-update.win32_2.0.0.202105311346/tools/bin/../lib/gcc/arm-none-eabi/9.3.1/../../../../arm-none-eabi/lib/thumb/v7e-m+fp/hard\libc_nano.a(lib_a-init.o)
                0x0000000008002b64                __libc_init_array
 .text.memset   0x0000000008002bac       0x10 c:/st/stm32cubeide_1.7.0/stm32cubeide/plugins/com.st.stm32cube.ide.mcu.externaltools.gnu-tools-for-stm32.9-2020-q2-update.win32_2.0.0.202105311346/tools/bin/../lib/gcc/arm-none-eabi/9.3.1/../../../../arm-none-eabi/lib/thumb/v7e-m+fp/hard\libc_nano.a(lib_a-memset.o)
                0x0000000008002bac                memset
 .text.strncmp  0x0000000008002bbc       0x24 c:/st/stm32cubeide_1.7.0/stm32cubeide/plugins/com.st.stm32cube.ide.mcu.externaltools.gnu-tools-for-stm32.9-2020-q2-update.win32_2.0.0.202105311346/tools/bin/../lib/gcc/arm-none-eabi/9.3.1/../../../../arm-none-eabi/lib/thumb/v7e-m+fp/hard\libc_nano.a(lib_a-strncmp.o)
                0x0000000008002bbc                strncmp
 *(.glue_7)
 .glue_7        0x0000000008002be0        0x0 linker stubs
 *(.glue_7t)
 .glue_7t       0x0000000008002be0        0x0 linker stubs
 *(.eh_frame)
 .eh_frame      0x0000000008002be0        0x0 c:/st/stm32cubeide_1.7.0/stm32cubeide/plugins/com.st.stm32cube.ide.mcu.externaltools.gnu-tools-for-stm32.9-2020-q2-update.win32_2.0.0.202105311346/tools/bin/../lib/gcc/arm-none-eabi/9.3.1/thumb/v7e-m+fp/hard/crtbegin.o
 *(.init)
 .init          0x0000000008002be0        0x4 c:/st/stm32cubeide_1.7.0/stm32cubeide/plugins/com.st.stm32cube.ide.mcu.externaltools.gnu-tools-for-stm32.9-2020-q2-update.win32_2.0.0.202105311346/tools/bin/../lib/gcc/arm-none-eabi/9.3.1/thumb/v7e-m+fp/hard/crti.o
                0x0000000008002be0                _init
 .init          0x0000000008002be4        0x8 c:/st/stm32cubeide_1.7.0/stm32cubeide/plugins/com.st.stm32cube.ide.mcu.externaltools.gnu-tools-for-stm32.9-2020-q2-update.win32_2.0.0.202105311346/tools/bin/../lib/gcc/arm-none-eabi/9.3.1/thumb/v7e-m+fp/hard/crtn.o
 *(.fini)
 .fini          0x0000000008002bec        0x4 c:/st/stm32cubeide_1.7.0/stm32cubeide/plugins/com.st.stm32cube.ide.mcu.externaltools.gnu-tools-for-stm32.9-2020-q2-update.win32_2.0.0.202105311346/tools/bin/../lib/gcc/arm-none-eabi/9.3.1/thumb/v7e-m+fp/hard/crti.o
                0x0000000008002bec                _fini
 .fini          0x0000000008002bf0        0x8 c:/st/stm32cubeide_1.7.0/stm32cubeide/plugins/com.st.stm32cube.ide.mcu.externaltools.gnu-tools-for-stm32.9-2020-q2-update.win32_2.0.0.202105311346/tools/bin/../lib/gcc/arm-none-eabi/9.3.1/thumb/v7e-m+fp/hard/crtn.o
                0x0000000008002bf8                . = ALIGN (0x4)
                0x0000000008002bf8                _etext = .

.vfp11_veneer   0x0000000008002bf8        0x0
 .vfp11_veneer  0x0000000008002bf8        0x0 linker stubs

.v4_bx          0x0000000008002bf8        0x0
 .v4_bx         0x0000000008002bf8        0x0 linker stubs

.iplt           0x0000000008002bf8        0x0
 .iplt          0x0000000008002bf8        0x0 c:/st/stm32cubeide_1.7.0/stm32cubeide/plugins/com.st.stm32cube.ide.mcu.externaltools.gnu-tools-for-stm32.9-2020-q2-update.win32_2.0.0.202105311346/tools/bin/../lib/gcc/arm-none-eabi/9.3.1/thumb/v7e-m+fp/hard/crtbegin.o

.rodata         0x0000000008002bf8       0x5c
                0x0000000008002bf8                . = ALIGN (0x4)
 *(.rodata)
 .rodata        0x0000000008002bf8       0x19 ./Core/Src/main.o
 *(.rodata*)
 *fill*         0x0000000008002c11        0x3 
 .rodata.CHANNEL_OFFSET_TAB
                0x0000000008002c14        0x7 ./Core/Src/stm32f3xx_it.o
 *fill*         0x0000000008002c1b        0x1 
 .rodata.AHBPrescTable
                0x0000000008002c1c       0x10 ./Core/Src/system_stm32f3xx.o
                0x0000000008002c1c                AHBPrescTable
 .rodata.APBPrescTable
                0x0000000008002c2c        0x8 ./Core/Src/system_stm32f3xx.o
                0x0000000008002c2c                APBPrescTable
 .rodata.OFFSET_TAB_CCMRx
                0x0000000008002c34        0x9 ./Core/Src/tim.o
 *fill*         0x0000000008002c3d        0x3 
 .rodata.SHIFT_TAB_OCxx
                0x0000000008002c40        0x9 ./Core/Src/tim.o
 *fill*         0x0000000008002c49        0x3 
 .rodata.CHANNEL_OFFSET_TAB
                0x0000000008002c4c        0x7 ./Core/Src/usart.o
                0x0000000008002c54                . = ALIGN (0x4)
 *fill*         0x0000000008002c53        0x1 

.rel.dyn        0x0000000008002c54        0x0
 .rel.iplt      0x0000000008002c54        0x0 c:/st/stm32cubeide_1.7.0/stm32cubeide/plugins/com.st.stm32cube.ide.mcu.externaltools.gnu-tools-for-stm32.9-2020-q2-update.win32_2.0.0.202105311346/tools/bin/../lib/gcc/arm-none-eabi/9.3.1/thumb/v7e-m+fp/hard/crtbegin.o

.ARM.extab      0x0000000008002c54        0x0
                0x0000000008002c54                . = ALIGN (0x4)
 *(.ARM.extab* .gnu.linkonce.armextab.*)
                0x0000000008002c54                . = ALIGN (0x4)

.ARM            0x0000000008002c54        0x0
                0x0000000008002c54                . = ALIGN (0x4)
                0x0000000008002c54                __exidx_start = .
 *(.ARM.exidx*)
                0x0000000008002c54                __exidx_end = .
                0x0000000008002c54                . = ALIGN (0x4)

.preinit_array  0x0000000008002c54        0x0
                0x0000000008002c54                . = ALIGN (0x4)
                0x0000000008002c54                PROVIDE (__preinit_array_start = .)
 *(.preinit_array*)
                0x0000000008002c54                PROVIDE (__preinit_array_end = .)
                0x0000000008002c54                . = ALIGN (0x4)

.init_array     0x0000000008002c54        0x4
                0x0000000008002c54                . = ALIGN (0x4)
                0x0000000008002c54                PROVIDE (__init_array_start = .)
 *(SORT_BY_NAME(.init_array.*))
 *(.init_array*)
 .init_array    0x0000000008002c54        0x4 c:/st/stm32cubeide_1.7.0/stm32cubeide/plugins/com.st.stm32cube.ide.mcu.externaltools.gnu-tools-for-stm32.9-2020-q2-update.win32_2.0.0.202105311346/tools/bin/../lib/gcc/arm-none-eabi/9.3.1/thumb/v7e-m+fp/hard/crtbegin.o
                0x0000000008002c58                PROVIDE (__init_array_end = .)
                0x0000000008002c58                . = ALIGN (0x4)

.fini_array     0x0000000008002c58        0x4
                0x0000000008002c58                . = ALIGN (0x4)
                [!provide]                        PROVIDE (__fini_array_start = .)
 *(SORT_BY_NAME(.fini_array.*))
 *(.fini_array*)
 .fini_array    0x0000000008002c58        0x4 c:/st/stm32cubeide_1.7.0/stm32cubeide/plugins/com.st.stm32cube.ide.mcu.externaltools.gnu-tools-for-stm32.9-2020-q2-update.win32_2.0.0.202105311346/tools/bin/../lib/gcc/arm-none-eabi/9.3.1/thumb/v7e-m+fp/hard/crtbegin.o
                [!provide]                        PROVIDE (__fini_array_end = .)
                0x0000000008002c5c                . = ALIGN (0x4)
                0x0000000008002c5c                _sidata = LOADADDR (.data)

.data           0x0000000020000000        0x8 load address 0x0000000008002c5c
                0x0000000020000000                . = ALIGN (0x4)
                0x0000000020000000                _sdata = .
 *(.data)
 *(.data*)
 .data.act_pwm  0x0000000020000000        0x4 ./Core/Src/main.o
                0x0000000020000000                act_pwm
 .data.SystemCoreClock
                0x0000000020000004        0x4 ./Core/Src/system_stm32f3xx.o
                0x0000000020000004                SystemCoreClock
 *(.RamFunc)
 *(.RamFunc*)
                0x0000000020000008                . = ALIGN (0x4)
                0x0000000020000008                _edata = .
                0x0000000008002c64                _siccmram = LOADADDR (.ccmram)

.igot.plt       0x0000000020000008        0x0 load address 0x0000000008002c64
 .igot.plt      0x0000000020000008        0x0 c:/st/stm32cubeide_1.7.0/stm32cubeide/plugins/com.st.stm32cube.ide.mcu.externaltools.gnu-tools-for-stm32.9-2020-q2-update.win32_2.0.0.202105311346/tools/bin/../lib/gcc/arm-none-eabi/9.3.1/thumb/v7e-m+fp/hard/crtbegin.o

.ccmram         0x0000000010000000        0x0 load address 0x0000000008002c64
                0x0000000010000000                . = ALIGN (0x4)
                0x0000000010000000                _sccmram = .
 *(.ccmram)
 *(.ccmram*)
                0x0000000010000000                . = ALIGN (0x4)
                0x0000000010000000                _eccmram = .
                0x0000000010000000                . = ALIGN (0x4)

.bss            0x0000000020000008       0x68
                0x0000000020000008                _sbss = .
                0x0000000020000008                __bss_start__ = _sbss
 *(.bss)
 .bss           0x0000000020000008       0x1c c:/st/stm32cubeide_1.7.0/stm32cubeide/plugins/com.st.stm32cube.ide.mcu.externaltools.gnu-tools-for-stm32.9-2020-q2-update.win32_2.0.0.202105311346/tools/bin/../lib/gcc/arm-none-eabi/9.3.1/thumb/v7e-m+fp/hard/crtbegin.o
 *(.bss*)
 .bss.index_1   0x0000000020000024        0x1 ./Core/Src/main.o
                0x0000000020000024                index_1
 *fill*         0x0000000020000025        0x3 
 .bss.prve      0x0000000020000028        0x4 ./Core/Src/main.o
                0x0000000020000028                prve
 .bss.druhe     0x000000002000002c        0x4 ./Core/Src/main.o
                0x000000002000002c                druhe
 .bss.output_pwm
                0x0000000020000030        0x4 ./Core/Src/main.o
                0x0000000020000030                output_pwm
 .bss.mode      0x0000000020000034        0x4 ./Core/Src/main.o
                0x0000000020000034                mode
 .bss.trigger   0x0000000020000038        0x1 ./Core/Src/main.o
                0x0000000020000038                trigger
 *fill*         0x0000000020000039        0x3 
 .bss.USART2_ProcessData
                0x000000002000003c        0x4 ./Core/Src/usart.o
 .bss.old       0x0000000020000040        0x4 ./Core/Src/usart.o
                0x0000000020000040                old
 .bss.new       0x0000000020000044        0x4 ./Core/Src/usart.o
                0x0000000020000044                new
 *(COMMON)
 COMMON         0x0000000020000048       0x14 ./Core/Src/main.o
                0x0000000020000048                dataRX
 COMMON         0x000000002000005c       0x14 ./Core/Src/usart.o
                0x000000002000005c                bufferUSART2dma
                0x0000000020000070                . = ALIGN (0x4)
                0x0000000020000070                _ebss = .
                0x0000000020000070                __bss_end__ = _ebss

._user_heap_stack
                0x0000000020000070      0x600
                0x0000000020000070                . = ALIGN (0x8)
                [!provide]                        PROVIDE (end = .)
                0x0000000020000070                PROVIDE (_end = .)
                0x0000000020000270                . = (. + _Min_Heap_Size)
 *fill*         0x0000000020000070      0x200 
                0x0000000020000670                . = (. + _Min_Stack_Size)
 *fill*         0x0000000020000270      0x400 
                0x0000000020000670                . = ALIGN (0x8)

/DISCARD/
 libc.a(*)
 libm.a(*)
 libgcc.a(*)

.ARM.attributes
                0x0000000000000000       0x30
 *(.ARM.attributes)
 .ARM.attributes
                0x0000000000000000       0x1e c:/st/stm32cubeide_1.7.0/stm32cubeide/plugins/com.st.stm32cube.ide.mcu.externaltools.gnu-tools-for-stm32.9-2020-q2-update.win32_2.0.0.202105311346/tools/bin/../lib/gcc/arm-none-eabi/9.3.1/thumb/v7e-m+fp/hard/crti.o
 .ARM.attributes
                0x000000000000001e       0x34 c:/st/stm32cubeide_1.7.0/stm32cubeide/plugins/com.st.stm32cube.ide.mcu.externaltools.gnu-tools-for-stm32.9-2020-q2-update.win32_2.0.0.202105311346/tools/bin/../lib/gcc/arm-none-eabi/9.3.1/thumb/v7e-m+fp/hard/crtbegin.o
 .ARM.attributes
                0x0000000000000052       0x34 ./Core/Src/dma.o
 .ARM.attributes
                0x0000000000000086       0x34 ./Core/Src/gpio.o
 .ARM.attributes
                0x00000000000000ba       0x34 ./Core/Src/main.o
 .ARM.attributes
                0x00000000000000ee       0x34 ./Core/Src/stm32f3xx_it.o
 .ARM.attributes
                0x0000000000000122       0x34 ./Core/Src/system_stm32f3xx.o
 .ARM.attributes
                0x0000000000000156       0x34 ./Core/Src/tim.o
 .ARM.attributes
                0x000000000000018a       0x34 ./Core/Src/usart.o
 .ARM.attributes
                0x00000000000001be       0x21 ./Core/Startup/startup_stm32f303k8tx.o
 .ARM.attributes
                0x00000000000001df       0x34 ./Drivers/STM32F3xx_HAL_Driver/Src/stm32f3xx_ll_gpio.o
 .ARM.attributes
                0x0000000000000213       0x34 ./Drivers/STM32F3xx_HAL_Driver/Src/stm32f3xx_ll_rcc.o
 .ARM.attributes
                0x0000000000000247       0x34 ./Drivers/STM32F3xx_HAL_Driver/Src/stm32f3xx_ll_tim.o
 .ARM.attributes
                0x000000000000027b       0x34 ./Drivers/STM32F3xx_HAL_Driver/Src/stm32f3xx_ll_usart.o
 .ARM.attributes
                0x00000000000002af       0x34 ./Drivers/STM32F3xx_HAL_Driver/Src/stm32f3xx_ll_utils.o
 .ARM.attributes
                0x00000000000002e3       0x34 c:/st/stm32cubeide_1.7.0/stm32cubeide/plugins/com.st.stm32cube.ide.mcu.externaltools.gnu-tools-for-stm32.9-2020-q2-update.win32_2.0.0.202105311346/tools/bin/../lib/gcc/arm-none-eabi/9.3.1/../../../../arm-none-eabi/lib/thumb/v7e-m+fp/hard\libc_nano.a(lib_a-init.o)
 .ARM.attributes
                0x0000000000000317       0x34 c:/st/stm32cubeide_1.7.0/stm32cubeide/plugins/com.st.stm32cube.ide.mcu.externaltools.gnu-tools-for-stm32.9-2020-q2-update.win32_2.0.0.202105311346/tools/bin/../lib/gcc/arm-none-eabi/9.3.1/../../../../arm-none-eabi/lib/thumb/v7e-m+fp/hard\libc_nano.a(lib_a-memset.o)
 .ARM.attributes
                0x000000000000034b       0x34 c:/st/stm32cubeide_1.7.0/stm32cubeide/plugins/com.st.stm32cube.ide.mcu.externaltools.gnu-tools-for-stm32.9-2020-q2-update.win32_2.0.0.202105311346/tools/bin/../lib/gcc/arm-none-eabi/9.3.1/../../../../arm-none-eabi/lib/thumb/v7e-m+fp/hard\libc_nano.a(lib_a-strncmp.o)
 .ARM.attributes
                0x000000000000037f       0x1e c:/st/stm32cubeide_1.7.0/stm32cubeide/plugins/com.st.stm32cube.ide.mcu.externaltools.gnu-tools-for-stm32.9-2020-q2-update.win32_2.0.0.202105311346/tools/bin/../lib/gcc/arm-none-eabi/9.3.1/thumb/v7e-m+fp/hard/crtn.o
OUTPUT(Zadanie10.elf elf32-littlearm)
LOAD linker stubs
LOAD c:/st/stm32cubeide_1.7.0/stm32cubeide/plugins/com.st.stm32cube.ide.mcu.externaltools.gnu-tools-for-stm32.9-2020-q2-update.win32_2.0.0.202105311346/tools/bin/../lib/gcc/arm-none-eabi/9.3.1/../../../../arm-none-eabi/lib/thumb/v7e-m+fp/hard\libc.a
LOAD c:/st/stm32cubeide_1.7.0/stm32cubeide/plugins/com.st.stm32cube.ide.mcu.externaltools.gnu-tools-for-stm32.9-2020-q2-update.win32_2.0.0.202105311346/tools/bin/../lib/gcc/arm-none-eabi/9.3.1/../../../../arm-none-eabi/lib/thumb/v7e-m+fp/hard\libm.a
LOAD c:/st/stm32cubeide_1.7.0/stm32cubeide/plugins/com.st.stm32cube.ide.mcu.externaltools.gnu-tools-for-stm32.9-2020-q2-update.win32_2.0.0.202105311346/tools/bin/../lib/gcc/arm-none-eabi/9.3.1/thumb/v7e-m+fp/hard\libgcc.a

.debug_info     0x0000000000000000     0x7bf5
 .debug_info    0x0000000000000000      0x802 ./Core/Src/dma.o
 .debug_info    0x0000000000000802      0x2cb ./Core/Src/gpio.o
 .debug_info    0x0000000000000acd     0x167a ./Core/Src/main.o
 .debug_info    0x0000000000002147      0x62c ./Core/Src/stm32f3xx_it.o
 .debug_info    0x0000000000002773      0x439 ./Core/Src/system_stm32f3xx.o
 .debug_info    0x0000000000002bac      0xd64 ./Core/Src/tim.o
 .debug_info    0x0000000000003910     0x1357 ./Core/Src/usart.o
 .debug_info    0x0000000000004c67       0x22 ./Core/Startup/startup_stm32f303k8tx.o
 .debug_info    0x0000000000004c89      0x7ce ./Drivers/STM32F3xx_HAL_Driver/Src/stm32f3xx_ll_gpio.o
 .debug_info    0x0000000000005457      0x74c ./Drivers/STM32F3xx_HAL_Driver/Src/stm32f3xx_ll_rcc.o
 .debug_info    0x0000000000005ba3     0x1092 ./Drivers/STM32F3xx_HAL_Driver/Src/stm32f3xx_ll_tim.o
 .debug_info    0x0000000000006c35      0x72b ./Drivers/STM32F3xx_HAL_Driver/Src/stm32f3xx_ll_usart.o
 .debug_info    0x0000000000007360      0x895 ./Drivers/STM32F3xx_HAL_Driver/Src/stm32f3xx_ll_utils.o

.debug_abbrev   0x0000000000000000     0x19c8
 .debug_abbrev  0x0000000000000000      0x1be ./Core/Src/dma.o
 .debug_abbrev  0x00000000000001be      0x127 ./Core/Src/gpio.o
 .debug_abbrev  0x00000000000002e5      0x34f ./Core/Src/main.o
 .debug_abbrev  0x0000000000000634      0x1dc ./Core/Src/stm32f3xx_it.o
 .debug_abbrev  0x0000000000000810      0x129 ./Core/Src/system_stm32f3xx.o
 .debug_abbrev  0x0000000000000939      0x1fa ./Core/Src/tim.o
 .debug_abbrev  0x0000000000000b33      0x323 ./Core/Src/usart.o
 .debug_abbrev  0x0000000000000e56       0x12 ./Core/Startup/startup_stm32f303k8tx.o
 .debug_abbrev  0x0000000000000e68      0x23b ./Drivers/STM32F3xx_HAL_Driver/Src/stm32f3xx_ll_gpio.o
 .debug_abbrev  0x00000000000010a3      0x261 ./Drivers/STM32F3xx_HAL_Driver/Src/stm32f3xx_ll_rcc.o
 .debug_abbrev  0x0000000000001304      0x22b ./Drivers/STM32F3xx_HAL_Driver/Src/stm32f3xx_ll_tim.o
 .debug_abbrev  0x000000000000152f      0x1d7 ./Drivers/STM32F3xx_HAL_Driver/Src/stm32f3xx_ll_usart.o
 .debug_abbrev  0x0000000000001706      0x2c2 ./Drivers/STM32F3xx_HAL_Driver/Src/stm32f3xx_ll_utils.o

.debug_aranges  0x0000000000000000      0x848
 .debug_aranges
                0x0000000000000000       0x48 ./Core/Src/dma.o
 .debug_aranges
                0x0000000000000048       0x28 ./Core/Src/gpio.o
 .debug_aranges
                0x0000000000000070       0xf0 ./Core/Src/main.o
 .debug_aranges
                0x0000000000000160       0xc8 ./Core/Src/stm32f3xx_it.o
 .debug_aranges
                0x0000000000000228       0x28 ./Core/Src/system_stm32f3xx.o
 .debug_aranges
                0x0000000000000250       0x80 ./Core/Src/tim.o
 .debug_aranges
                0x00000000000002d0      0x120 ./Core/Src/usart.o
 .debug_aranges
                0x00000000000003f0       0x28 ./Core/Startup/startup_stm32f303k8tx.o
 .debug_aranges
                0x0000000000000418       0x70 ./Drivers/STM32F3xx_HAL_Driver/Src/stm32f3xx_ll_gpio.o
 .debug_aranges
                0x0000000000000488      0x100 ./Drivers/STM32F3xx_HAL_Driver/Src/stm32f3xx_ll_rcc.o
 .debug_aranges
                0x0000000000000588      0x148 ./Drivers/STM32F3xx_HAL_Driver/Src/stm32f3xx_ll_tim.o
 .debug_aranges
                0x00000000000006d0       0x88 ./Drivers/STM32F3xx_HAL_Driver/Src/stm32f3xx_ll_usart.o
 .debug_aranges
                0x0000000000000758       0xf0 ./Drivers/STM32F3xx_HAL_Driver/Src/stm32f3xx_ll_utils.o

.debug_ranges   0x0000000000000000      0x780
 .debug_ranges  0x0000000000000000       0x38 ./Core/Src/dma.o
 .debug_ranges  0x0000000000000038       0x18 ./Core/Src/gpio.o
 .debug_ranges  0x0000000000000050       0xe0 ./Core/Src/main.o
 .debug_ranges  0x0000000000000130       0xb8 ./Core/Src/stm32f3xx_it.o
 .debug_ranges  0x00000000000001e8       0x18 ./Core/Src/system_stm32f3xx.o
 .debug_ranges  0x0000000000000200       0x70 ./Core/Src/tim.o
 .debug_ranges  0x0000000000000270      0x110 ./Core/Src/usart.o
 .debug_ranges  0x0000000000000380       0x20 ./Core/Startup/startup_stm32f303k8tx.o
 .debug_ranges  0x00000000000003a0       0x60 ./Drivers/STM32F3xx_HAL_Driver/Src/stm32f3xx_ll_gpio.o
 .debug_ranges  0x0000000000000400       0xf0 ./Drivers/STM32F3xx_HAL_Driver/Src/stm32f3xx_ll_rcc.o
 .debug_ranges  0x00000000000004f0      0x138 ./Drivers/STM32F3xx_HAL_Driver/Src/stm32f3xx_ll_tim.o
 .debug_ranges  0x0000000000000628       0x78 ./Drivers/STM32F3xx_HAL_Driver/Src/stm32f3xx_ll_usart.o
 .debug_ranges  0x00000000000006a0       0xe0 ./Drivers/STM32F3xx_HAL_Driver/Src/stm32f3xx_ll_utils.o

.debug_macro    0x0000000000000000    0x16d75
 .debug_macro   0x0000000000000000      0x13f ./Core/Src/dma.o
 .debug_macro   0x000000000000013f      0xade ./Core/Src/dma.o
 .debug_macro   0x0000000000000c1d       0x2e ./Core/Src/dma.o
 .debug_macro   0x0000000000000c4b       0x28 ./Core/Src/dma.o
 .debug_macro   0x0000000000000c73       0x22 ./Core/Src/dma.o
 .debug_macro   0x0000000000000c95       0x8e ./Core/Src/dma.o
 .debug_macro   0x0000000000000d23       0x51 ./Core/Src/dma.o
 .debug_macro   0x0000000000000d74      0x103 ./Core/Src/dma.o
 .debug_macro   0x0000000000000e77       0x6a ./Core/Src/dma.o
 .debug_macro   0x0000000000000ee1      0x1df ./Core/Src/dma.o
 .debug_macro   0x00000000000010c0       0x1c ./Core/Src/dma.o
 .debug_macro   0x00000000000010dc       0x22 ./Core/Src/dma.o
 .debug_macro   0x00000000000010fe       0xdf ./Core/Src/dma.o
 .debug_macro   0x00000000000011dd      0xf07 ./Core/Src/dma.o
 .debug_macro   0x00000000000020e4    0x10be0 ./Core/Src/dma.o
 .debug_macro   0x0000000000012cc4       0x6d ./Core/Src/dma.o
 .debug_macro   0x0000000000012d31      0x281 ./Core/Src/dma.o
 .debug_macro   0x0000000000012fb2      0x4c2 ./Core/Src/dma.o
 .debug_macro   0x0000000000013474       0xe1 ./Core/Src/dma.o
 .debug_macro   0x0000000000013555      0x29f ./Core/Src/dma.o
 .debug_macro   0x00000000000137f4       0xfe ./Core/Src/dma.o
 .debug_macro   0x00000000000138f2       0x28 ./Core/Src/dma.o
 .debug_macro   0x000000000001391a       0x30 ./Core/Src/dma.o
 .debug_macro   0x000000000001394a       0xa8 ./Core/Src/dma.o
 .debug_macro   0x00000000000139f2      0x803 ./Core/Src/dma.o
 .debug_macro   0x00000000000141f5      0x2f7 ./Core/Src/dma.o
 .debug_macro   0x00000000000144ec      0x142 ./Core/Src/dma.o
 .debug_macro   0x000000000001462e       0x22 ./Core/Src/dma.o
 .debug_macro   0x0000000000014650      0x13f ./Core/Src/gpio.o
 .debug_macro   0x000000000001478f      0x234 ./Core/Src/main.o
 .debug_macro   0x00000000000149c3       0x52 ./Core/Src/main.o
 .debug_macro   0x0000000000014a15       0x18 ./Core/Src/main.o
 .debug_macro   0x0000000000014a2d       0x3c ./Core/Src/main.o
 .debug_macro   0x0000000000014a69       0x34 ./Core/Src/main.o
 .debug_macro   0x0000000000014a9d      0x174 ./Core/Src/main.o
 .debug_macro   0x0000000000014c11       0x16 ./Core/Src/main.o
 .debug_macro   0x0000000000014c27       0x43 ./Core/Src/main.o
 .debug_macro   0x0000000000014c6a       0x34 ./Core/Src/main.o
 .debug_macro   0x0000000000014c9e       0x10 ./Core/Src/main.o
 .debug_macro   0x0000000000014cae       0x58 ./Core/Src/main.o
 .debug_macro   0x0000000000014d06       0x71 ./Core/Src/main.o
 .debug_macro   0x0000000000014d77       0x1c ./Core/Src/main.o
 .debug_macro   0x0000000000014d93      0x12a ./Core/Src/main.o
 .debug_macro   0x0000000000014ebd      0x333 ./Core/Src/main.o
 .debug_macro   0x00000000000151f0       0x10 ./Core/Src/main.o
 .debug_macro   0x0000000000015200       0x35 ./Core/Src/main.o
 .debug_macro   0x0000000000015235       0x20 ./Core/Src/main.o
 .debug_macro   0x0000000000015255      0x13f ./Core/Src/stm32f3xx_it.o
 .debug_macro   0x0000000000015394       0xbd ./Core/Src/system_stm32f3xx.o
 .debug_macro   0x0000000000015451      0x13f ./Core/Src/tim.o
 .debug_macro   0x0000000000015590      0x13f ./Core/Src/usart.o
 .debug_macro   0x00000000000156cf       0xff ./Drivers/STM32F3xx_HAL_Driver/Src/stm32f3xx_ll_gpio.o
 .debug_macro   0x00000000000157ce      0x13c ./Drivers/STM32F3xx_HAL_Driver/Src/stm32f3xx_ll_gpio.o
 .debug_macro   0x000000000001590a       0xf1 ./Drivers/STM32F3xx_HAL_Driver/Src/stm32f3xx_ll_rcc.o
 .debug_macro   0x00000000000159fb      0x4bc ./Drivers/STM32F3xx_HAL_Driver/Src/stm32f3xx_ll_rcc.o
 .debug_macro   0x0000000000015eb7      0x169 ./Drivers/STM32F3xx_HAL_Driver/Src/stm32f3xx_ll_tim.o
 .debug_macro   0x0000000000016020      0x7fd ./Drivers/STM32F3xx_HAL_Driver/Src/stm32f3xx_ll_tim.o
 .debug_macro   0x000000000001681d      0x12c ./Drivers/STM32F3xx_HAL_Driver/Src/stm32f3xx_ll_usart.o
 .debug_macro   0x0000000000016949      0x2f1 ./Drivers/STM32F3xx_HAL_Driver/Src/stm32f3xx_ll_usart.o
 .debug_macro   0x0000000000016c3a      0x13b ./Drivers/STM32F3xx_HAL_Driver/Src/stm32f3xx_ll_utils.o

.debug_line     0x0000000000000000     0x6459
 .debug_line    0x0000000000000000      0x68a ./Core/Src/dma.o
 .debug_line    0x000000000000068a      0x5ae ./Core/Src/gpio.o
 .debug_line    0x0000000000000c38      0xb76 ./Core/Src/main.o
 .debug_line    0x00000000000017ae      0x808 ./Core/Src/stm32f3xx_it.o
 .debug_line    0x0000000000001fb6      0x4d8 ./Core/Src/system_stm32f3xx.o
 .debug_line    0x000000000000248e      0x89e ./Core/Src/tim.o
 .debug_line    0x0000000000002d2c      0xae0 ./Core/Src/usart.o
 .debug_line    0x000000000000380c       0x88 ./Core/Startup/startup_stm32f303k8tx.o
 .debug_line    0x0000000000003894      0x73a ./Drivers/STM32F3xx_HAL_Driver/Src/stm32f3xx_ll_gpio.o
 .debug_line    0x0000000000003fce      0x8fa ./Drivers/STM32F3xx_HAL_Driver/Src/stm32f3xx_ll_rcc.o
 .debug_line    0x00000000000048c8      0xba1 ./Drivers/STM32F3xx_HAL_Driver/Src/stm32f3xx_ll_tim.o
 .debug_line    0x0000000000005469      0x6dd ./Drivers/STM32F3xx_HAL_Driver/Src/stm32f3xx_ll_usart.o
 .debug_line    0x0000000000005b46      0x913 ./Drivers/STM32F3xx_HAL_Driver/Src/stm32f3xx_ll_utils.o

.debug_str      0x0000000000000000    0x78dab
 .debug_str     0x0000000000000000    0x711f4 ./Core/Src/dma.o
                                      0x71468 (size before relaxing)
 .debug_str     0x00000000000711f4       0x2c ./Core/Src/gpio.o
                                      0x71006 (size before relaxing)
 .debug_str     0x0000000000071220     0x372f ./Core/Src/main.o
                                      0x74c90 (size before relaxing)
 .debug_str     0x000000000007494f      0x277 ./Core/Src/stm32f3xx_it.o
                                      0x711f1 (size before relaxing)
 .debug_str     0x0000000000074bc6       0x5f ./Core/Src/system_stm32f3xx.o
                                      0x65706 (size before relaxing)
 .debug_str     0x0000000000074c25      0x1f9 ./Core/Src/tim.o
                                      0x71715 (size before relaxing)
 .debug_str     0x0000000000074e1e      0x355 ./Core/Src/usart.o
                                      0x7193b (size before relaxing)
 .debug_str     0x0000000000075173       0x36 ./Core/Startup/startup_stm32f303k8tx.o
                                         0x72 (size before relaxing)
 .debug_str     0x00000000000751a9      0x67a ./Drivers/STM32F3xx_HAL_Driver/Src/stm32f3xx_ll_gpio.o
                                      0x66a69 (size before relaxing)
 .debug_str     0x0000000000075823      0x4fd ./Drivers/STM32F3xx_HAL_Driver/Src/stm32f3xx_ll_rcc.o
                                      0x67ebb (size before relaxing)
 .debug_str     0x0000000000075d20     0x1bb9 ./Drivers/STM32F3xx_HAL_Driver/Src/stm32f3xx_ll_tim.o
                                      0x6b9b9 (size before relaxing)
 .debug_str     0x00000000000778d9      0x80d ./Drivers/STM32F3xx_HAL_Driver/Src/stm32f3xx_ll_usart.o
                                      0x69994 (size before relaxing)
 .debug_str     0x00000000000780e6      0xcc5 ./Drivers/STM32F3xx_HAL_Driver/Src/stm32f3xx_ll_utils.o
                                      0x6a73b (size before relaxing)

.comment        0x0000000000000000       0x53
 .comment       0x0000000000000000       0x53 ./Core/Src/dma.o
                                         0x54 (size before relaxing)
 .comment       0x0000000000000053       0x54 ./Core/Src/gpio.o
 .comment       0x0000000000000053       0x54 ./Core/Src/main.o
 .comment       0x0000000000000053       0x54 ./Core/Src/stm32f3xx_it.o
 .comment       0x0000000000000053       0x54 ./Core/Src/system_stm32f3xx.o
 .comment       0x0000000000000053       0x54 ./Core/Src/tim.o
 .comment       0x0000000000000053       0x54 ./Core/Src/usart.o
 .comment       0x0000000000000053       0x54 ./Drivers/STM32F3xx_HAL_Driver/Src/stm32f3xx_ll_gpio.o
 .comment       0x0000000000000053       0x54 ./Drivers/STM32F3xx_HAL_Driver/Src/stm32f3xx_ll_rcc.o
 .comment       0x0000000000000053       0x54 ./Drivers/STM32F3xx_HAL_Driver/Src/stm32f3xx_ll_tim.o
 .comment       0x0000000000000053       0x54 ./Drivers/STM32F3xx_HAL_Driver/Src/stm32f3xx_ll_usart.o
 .comment       0x0000000000000053       0x54 ./Drivers/STM32F3xx_HAL_Driver/Src/stm32f3xx_ll_utils.o

.debug_frame    0x0000000000000000     0x21c4
 .debug_frame   0x0000000000000000       0xec ./Core/Src/dma.o
 .debug_frame   0x00000000000000ec       0x54 ./Core/Src/gpio.o
 .debug_frame   0x0000000000000140      0x3e8 ./Core/Src/main.o
 .debug_frame   0x0000000000000528      0x2ec ./Core/Src/stm32f3xx_it.o
 .debug_frame   0x0000000000000814       0x58 ./Core/Src/system_stm32f3xx.o
 .debug_frame   0x000000000000086c      0x20c ./Core/Src/tim.o
 .debug_frame   0x0000000000000a78      0x530 ./Core/Src/usart.o
 .debug_frame   0x0000000000000fa8      0x1c0 ./Drivers/STM32F3xx_HAL_Driver/Src/stm32f3xx_ll_gpio.o
 .debug_frame   0x0000000000001168      0x408 ./Drivers/STM32F3xx_HAL_Driver/Src/stm32f3xx_ll_rcc.o
 .debug_frame   0x0000000000001570      0x5d0 ./Drivers/STM32F3xx_HAL_Driver/Src/stm32f3xx_ll_tim.o
 .debug_frame   0x0000000000001b40      0x234 ./Drivers/STM32F3xx_HAL_Driver/Src/stm32f3xx_ll_usart.o
 .debug_frame   0x0000000000001d74      0x3dc ./Drivers/STM32F3xx_HAL_Driver/Src/stm32f3xx_ll_utils.o
 .debug_frame   0x0000000000002150       0x2c c:/st/stm32cubeide_1.7.0/stm32cubeide/plugins/com.st.stm32cube.ide.mcu.externaltools.gnu-tools-for-stm32.9-2020-q2-update.win32_2.0.0.202105311346/tools/bin/../lib/gcc/arm-none-eabi/9.3.1/../../../../arm-none-eabi/lib/thumb/v7e-m+fp/hard\libc_nano.a(lib_a-init.o)
 .debug_frame   0x000000000000217c       0x20 c:/st/stm32cubeide_1.7.0/stm32cubeide/plugins/com.st.stm32cube.ide.mcu.externaltools.gnu-tools-for-stm32.9-2020-q2-update.win32_2.0.0.202105311346/tools/bin/../lib/gcc/arm-none-eabi/9.3.1/../../../../arm-none-eabi/lib/thumb/v7e-m+fp/hard\libc_nano.a(lib_a-memset.o)
 .debug_frame   0x000000000000219c       0x28 c:/st/stm32cubeide_1.7.0/stm32cubeide/plugins/com.st.stm32cube.ide.mcu.externaltools.gnu-tools-for-stm32.9-2020-q2-update.win32_2.0.0.202105311346/tools/bin/../lib/gcc/arm-none-eabi/9.3.1/../../../../arm-none-eabi/lib/thumb/v7e-m+fp/hard\libc_nano.a(lib_a-strncmp.o)
